
Lenovo@Firoz  ~/OneDrive - ApplusGlobal/datacamp/Forecast/FC_Practice_in_R (master)
$ git status

Lenovo@Firoz  ~/OneDrive - ApplusGlobal/datacamp/Forecast/FC_Practice_in_R (master)
$ git commit -a
Aborting commit due to empty commit message.

Lenovo@Firoz  ~/OneDrive - ApplusGlobal/datacamp/Forecast/FC_Practice_in_R (master)
$ git commit -a
Aborting commit due to empty commit message.

Lenovo@Firoz  ~/OneDrive - ApplusGlobal/datacamp/Forecast/FC_Practice_in_R (master)
$ git remote show origion
* remote origion
  Fetch URL: https://github.com/fmakrani/FC_Practice_in_R.git
  Push  URL: https://github.com/fmakrani/FC_Practice_in_R.git
  HEAD branch: master
  Remote branch:
    master new (next fetch will store in remotes/origion)
  Local ref configured for 'git push':
    master pushes to master (local out of date)

Lenovo@Firoz  ~/OneDrive - ApplusGlobal/datacamp/Forecast/FC_Practice_in_R (master)
$ git clone https://github.com/fmakrani/FC_Practice_in_R.git
Cloning into 'FC_Practice_in_R'...
remote: Enumerating objects: 6, done.
remote: Counting objects:  33% (2/6)remote: Counting objects: 100% (6/6), done.
remote: Compressing objects: 100% (3/3), done.
remote: Total 6 (delta 0), reused 0 (delta 0), pack-reused 0
Unpacking objects:  83% (5/6)Unpacking objects: 100% (6/6), 1.69 KiB | 48.00 KiB/s, done.

Lenovo@Firoz  ~/OneDrive - ApplusGlobal/datacamp/Forecast/FC_Practice_in_R (master)
$ git remote show origin
* remote origin
  Fetch URL: https://github.com/fmakrani/FC_Practice_in_R.git
  Push  URL: https://github.com/fmakrani/FC_Practice_in_R.git
  HEAD branch: master
  Remote branch:
    master tracked
  Local branch configured for 'git pull':
    master merges with remote master
  Local ref configured for 'git push':
    master pushes to master (up to date)

Lenovo@Firoz  ~/OneDrive - ApplusGlobal/datacamp/Forecast/FC_Practice_in_R/FC_Practice_in_R (master)
$ git add -A
warning: LF will be replaced by CRLF in README.md.
The file will have its original line endings in your working directory

Lenovo@Firoz  ~/OneDrive - ApplusGlobal/datacamp/Forecast/FC_Practice_in_R/FC_Practice_in_R (master)
$ git commit -m "A commit from my local comuputer"
[master 7d96c13] A commit from my local comuputer
 1 file changed, 1 insertion(+)

Lenovo@Firoz  ~/OneDrive - ApplusGlobal/datacamp/Forecast/FC_Practice_in_R/FC_Practice_in_R (master)
$ git push
Enumerating objects: 5, done.
Counting objects: 100% (5/5), done.
Delta compression using up to 4 threads
Compressing objects: 100% (2/2), done.
Writing objects:  33% (1/3)Writing objects: 100% (3/3), 327 bytes | 81.00 KiB/s, done.
Total 3 (delta 0), reused 0 (delta 0), pack-reused 0
To https://github.com/fmakrani/FC_Practice_in_R.git
   c0a2a3b..7d96c13  master -> master



Lenovo@Firoz  ~/OneDrive - ApplusGlobal/datacamp/Forecast/FC_Practice_in_R/FC_Practice_in_R (master)
$ git add -A

Lenovo@Firoz  ~/OneDrive - ApplusGlobal/datacamp/Forecast/FC_Practice_in_R/FC_Practice_in_R (master)
$ git commit -m "An Update on gold rate"

Lenovo@Firoz  ~/OneDrive - ApplusGlobal/datacamp/Forecast/FC_Practice_in_R/FC_Practice_in_R (master)
$ git push
Everything up-to-date

Lenovo@Firoz  ~/OneDrive - ApplusGlobal/datacamp/Forecast/FC_Practice_in_R/FC_Practice_in_R (master)

Lenovo@Firoz  ~/OneDrive - ApplusGlobal/datacamp/Forecast/FC_Practice_in_R/FC_Practice_in_R (master)
$ ~/OneDrive - ApplusGlobal/datacamp/Forecast/
bash: /c/Users/Lenovo/OneDrive: Is a directory

Lenovo@Firoz  ~
$ cd "~/OneDrive - ApplusGlobal/datacamp/Forecast/"
bash: cd: ~/OneDrive - ApplusGlobal/datacamp/Forecast/: No such file or directory

Lenovo@Firoz  ~
$ cd "~/OneDrive - ApplusGlobal/datacamp/Forecast"
bash: cd: ~/OneDrive - ApplusGlobal/datacamp/Forecast: No such file or directory

Lenovo@Firoz  ~
$ cd "/OneDrive - ApplusGlobal/datacamp/Forecast"
bash: cd: /OneDrive - ApplusGlobal/datacamp/Forecast: No such file or directory

Lenovo@Firoz  ~
$ cd "/OneDrive - ApplusGlobal/datacamp/Forecast" <- this was a right way to go to directory remember the quotation marks

Lenovo@Firoz  ~/OneDrive - ApplusGlobal/datacamp/Forecast
$ git clone https://github.com/fmakrani/FC_Practice_in_R.git
fatal: destination path 'FC_Practice_in_R' already exists and is not an empty directory.

Lenovo@Firoz  ~/OneDrive - ApplusGlobal/datacamp/Forecast
$
$ git clone https://github.com/fmakrani/forecasting.git
Cloning into 'forecasting'...
remote: Enumerating objects: 3, done.
remote: Counting objects: 100% (3/3), done.
remote: Total 3 (delta 0), reused 0 (delta 0), pack-reused 0
Unpacking objects: 100% (3/3), 593 bytes | 31.00 KiB/s, done.

Lenovo@Firoz  ~/OneDrive - ApplusGlobal/datacamp/Forecast
$
$ ls
FC_Practice_in_R  chapter1.pdf  chapter2.pdf  chapter3.pdf  chapter4.pdf  chapter5.pdf  forecasting

Lenovo@Firoz  ~/OneDrive - ApplusGlobal/datacamp/Forecast

Lenovo@Firoz  ~/OneDrive - ApplusGlobal/datacamp/Forecast/FC_Practice_in_R (master)
$ git status
On branch master
nothing to commit, working tree clean
<- this is the error free responce

Lenovo@Firoz  ~/OneDrive - ApplusGlobal/datacamp/Forecast/FC_Practice_in_R (master)
$ git remote show origion
* remote origion
  Fetch URL: https://github.com/fmakrani/FC_Practice_in_R.git
  Push  URL: https://github.com/fmakrani/FC_Practice_in_R.git
  HEAD branch: master
  Remote branch:
    master new (next fetch will store in remotes/origion)
  Local ref configured for 'git push':
    master pushes to master (local out of date)

Lenovo@Firoz  ~/OneDrive - ApplusGlobal/datacamp/Forecast/FC_Practice_in_R (master)

$ git clone https://github.com/fmakrani/FC_Practice_in_R.git
fatal: destination path 'FC_Practice_in_R' already exists and is not an empty directory.

Lenovo@Firoz  ~/OneDrive - ApplusGlobal/datacamp/Forecast/FC_Practice_in_R (master)
$
$ head readme.md
head: cannot open 'readme.md' for reading: No such file or directory

Lenovo@Firoz  ~/OneDrive - ApplusGlobal/datacamp/Forecast/FC_Practice_in_R (master)
$ git clone https://github.com/fmakrani/FC_Practice_in_R.git
$ head readme.md
$
$ cd FC_Practice_in_R

Lenovo@Firoz  ~/OneDrive - ApplusGlobal/datacamp/Forecast/FC_Practice_in_R/FC_Practice_in_R (master)
$
$ ls
Chapter_3.R             README.md                 fc_1.R  goldINR.xlsx    gold_price.xlsx
FC_Practice_in_R.Rproj  corona-cases-kuwait.xlsx  fc_2.R  gold_monthly.R

Lenovo@Firoz  ~/OneDrive - ApplusGlobal/datacamp/Forecast/FC_Practice_in_R/FC_Practice_in_R (master)
$
$ head readme.md
# FC_Practice_in_R
forecasting practice in R
A line I wrote on my local computer

Lenovo@Firoz  ~/OneDrive - ApplusGlobal/datacamp/Forecast/FC_Practice_in_R/FC_Practice_in_R (master)
$
$ git remote show origion
fatal: 'origion' does not appear to be a git repository
fatal: Could not read from remote repository.

Please make sure you have the correct access rights
and the repository exists.

Lenovo@Firoz  ~/OneDrive - ApplusGlobal/datacamp/Forecast/FC_Practice_in_R/FC_Practice_in_R (master)
$
$ git clone https://github.com/fmakrani/FC_Practice_in_R.git
Cloning into 'FC_Practice_in_R'...
remote: Enumerating objects: 9, done.
remote: Counting objects: 100% (9/9), done.
remote: Compressing objects: 100% (5/5), done.
remote: Total 9 (delta 0), reused 3 (delta 0), pack-reused 0
Unpacking objects:  11% (1/9)Unpacking objects:  66% (6/9)Unpacking objects: 100% (9/9), 1.98 KiB | 25.00 KiB/s, done.

Lenovo@Firoz  ~/OneDrive - ApplusGlobal/datacamp/Forecast/FC_Practice_in_R/FC_Practice_in_R (master)
$
$ git clone https://github.com/fmakrani/FC_Practice_in_R.git
$ git remote show origion

Lenovo@Firoz  ~/OneDrive - ApplusGlobal/datacamp/Forecast/FC_Practice_in_R/FC_Practice_in_R (master)
$
$ head readme.md
$ git clone https://github.com/fmakrani/FC_Practice_in_R.git
$ git remote show origion
fatal: 'origion' does not appear to be a git repository
fatal: Could not read from remote repository.

Please make sure you have the correct access rights
and the repository exists.

<- this was not a correct working directory

Lenovo@Firoz  ~/OneDrive - ApplusGlobal/datacamp/Forecast/FC_Practice_in_R/FC_Practice_in_R (master)
$
$ cd ..
<- Now you are in a correct working directory

Lenovo@Firoz  ~/OneDrive - ApplusGlobal/datacamp/Forecast/FC_Practice_in_R (master)
$
$ git remote show origion
* remote origion
  Fetch URL: https://github.com/fmakrani/FC_Practice_in_R.git
  Push  URL: https://github.com/fmakrani/FC_Practice_in_R.git
  HEAD branch: master
  Remote branch:
    master new (next fetch will store in remotes/origion)
  Local ref configured for 'git push':
    master pushes to master (local out of date)

Lenovo@Firoz  ~/OneDrive - ApplusGlobal/datacamp/Forecast/FC_Practice_in_R (master)
$ git status
On branch master
Changes not staged for commit:
  (use "git add <file>..." to update what will be committed)
  (use "git restore <file>..." to discard changes in working directory)
  (commit or discard the untracked or modified content in submodules)
        modified:   Chapter_3.R
        modified:   FC_Practice_in_R (untracked content)
        modified:   fc_1.R
        modified:   fc_2.R
        modified:   gold_monthly.R

no changes added to commit (use "git add" and/or "git commit -a")

Lenovo@Firoz  ~/OneDrive - ApplusGlobal/datacamp/Forecast/FC_Practice_in_R (master)
$
$ git add -A

Lenovo@Firoz  ~/OneDrive - ApplusGlobal/datacamp/Forecast/FC_Practice_in_R (master)
$
$ git commit -m "upload the files1/7/2020"
[master 30c244d] upload the files1/7/2020
 4 files changed, 6 insertions(+), 6 deletions(-)

Lenovo@Firoz  ~/OneDrive - ApplusGlobal/datacamp/Forecast/FC_Practice_in_R (master)
$
$ git push
fatal: The current branch master has no upstream branch.
To push the current branch and set the remote as upstream, use

    git push --set-upstream origin master

Lenovo@Firoz  ~/OneDrive - ApplusGlobal/datacamp/Forecast/FC_Practice_in_R (master)
$
$ git push -u origion head
To https://github.com/fmakrani/FC_Practice_in_R.git
 ! [rejected]        head -> master (fetch first)
error: failed to push some refs to 'https://github.com/fmakrani/FC_Practice_in_R.git'
hint: Updates were rejected because the remote contains work that you do
hint: not have locally. This is usually caused by another repository pushing
hint: to the same ref. You may want to first integrate the remote changes
hint: (e.g., 'git pull ...') before pushing again.
hint: See the 'Note about fast-forwards' in 'git push --help' for details.

Lenovo@Firoz  ~/OneDrive - ApplusGlobal/datacamp/Forecast/FC_Practice_in_R (master)
$
$ git push -u origion master
To https://github.com/fmakrani/FC_Practice_in_R.git
 ! [rejected]        master -> master (fetch first)
error: failed to push some refs to 'https://github.com/fmakrani/FC_Practice_in_R.git'
hint: Updates were rejected because the remote contains work that you do
hint: not have locally. This is usually caused by another repository pushing
hint: to the same ref. You may want to first integrate the remote changes
hint: (e.g., 'git pull ...') before pushing again.
hint: See the 'Note about fast-forwards' in 'git push --help' for details.

Lenovo@Firoz  ~/OneDrive - ApplusGlobal/datacamp/Forecast/FC_Practice_in_R (master)
$
$ git push -u origion --all
To https://github.com/fmakrani/FC_Practice_in_R.git
 ! [rejected]        master -> master (fetch first)
error: failed to push some refs to 'https://github.com/fmakrani/FC_Practice_in_R.git'
hint: Updates were rejected because the remote contains work that you do
hint: not have locally. This is usually caused by another repository pushing
hint: to the same ref. You may want to first integrate the remote changes
hint: (e.g., 'git pull ...') before pushing again.
hint: See the 'Note about fast-forwards' in 'git push --help' for details.

Lenovo@Firoz  ~/OneDrive - ApplusGlobal/datacamp/Forecast/FC_Practice_in_R (master)
$
$ git pull
remote: Repository not found.
fatal: repository 'https://github.com/fmakrani/Covid19.git/' not found

Lenovo@Firoz  ~/OneDrive - ApplusGlobal/datacamp/Forecast/FC_Practice_in_R (master)
$
$ git
$ git remote
$ git remote show
$ git remote show origion
* remote origion
  Fetch URL: https://github.com/fmakrani/FC_Practice_in_R.git
  Push  URL: https://github.com/fmakrani/FC_Practice_in_R.git
  HEAD branch: master
  Remote branch:
    master new (next fetch will store in remotes/origion)
  Local ref configured for 'git push':
    master pushes to master (local out of date)

Lenovo@Firoz  ~/OneDrive - ApplusGlobal/datacamp/Forecast/FC_Practice_in_R (master)
$
$ git
$ git pull
$ git pull origion
$ git pull origion https://github.com/fmakrani/FC_Practice_in_R.git
fatal: invalid refspec 'https://github.com/fmakrani/FC_Practice_in_R.git'

Lenovo@Firoz  ~/OneDrive - ApplusGlobal/datacamp/Forecast/FC_Practice_in_R (master)
$
$ git fetch origion https://github.com/fmakrani/FC_Practice_in_R.git
fatal: invalid refspec 'https://github.com/fmakrani/FC_Practice_in_R.git'

Lenovo@Firoz  ~/OneDrive - ApplusGlobal/datacamp/Forecast/FC_Practice_in_R (master)
$
$ git fetch origion https://github.com/fmakrani/FC_Practice_in_R.git
warning: no common commits
remote: Enumerating objects: 9, done.
remote: Counting objects:  55% (5/9)remote: Counting objects: 100% (9/9), done.
remote: Compressing objects: 100% (5/5), done.
remote: Total 9 (delta 0), reused 3 (delta 0), pack-reused 0
Unpacking objects:  11% (1/9)Unpacking objects:  44% (4/9)Unpacking objects: 100% (9/9), 1.98 KiB | 12.00 KiB/s, done.
From https://github.com/fmakrani/FC_Practice_in_R
 * [new branch]      master     -> origion/master

Lenovo@Firoz  ~/OneDrive - ApplusGlobal/datacamp/Forecast/FC_Practice_in_R (master)
$ git remote show origion
* remote origion
  Fetch URL: https://github.com/fmakrani/FC_Practice_in_R.git
  Push  URL: https://github.com/fmakrani/FC_Practice_in_R.git
  HEAD branch: master
  Remote branch:
    master tracked
  Local ref configured for 'git push':
    master pushes to master (local out of date)

Lenovo@Firoz  ~/OneDrive - ApplusGlobal/datacamp/Forecast/FC_Practice_in_R (master)
$
$ git push
fatal: The current branch master has no upstream branch.
To push the current branch and set the remote as upstream, use

    git push --set-upstream origin master


Lenovo@Firoz  ~/OneDrive - ApplusGlobal/datacamp/Forecast/FC_Practice_in_R (master)
$
$ git push --set-upstream origin master
remote: Repository not found.
fatal: repository 'https://github.com/fmakrani/Covid19.git/' not found

Lenovo@Firoz  ~/OneDrive - ApplusGlobal/datacamp/Forecast/FC_Practice_in_R (master)
$
$ git push --force
fatal: The current branch master has no upstream branch.
To push the current branch and set the remote as upstream, use

    git push --set-upstream origin master


Lenovo@Firoz  ~/OneDrive - ApplusGlobal/datacamp/Forecast/FC_Practice_in_R (master)
$
$ git push --force
$ git push --set-upstream origin master
To https://github.com/fmakrani/Covid19.git
 ! [rejected]        master -> master (non-fast-forward)
error: failed to push some refs to 'https://github.com/fmakrani/Covid19.git'
hint: Updates were rejected because the tip of your current branch is behind
hint: its remote counterpart. Integrate the remote changes (e.g.
hint: 'git pull ...') before pushing again.
hint: See the 'Note about fast-forwards' in 'git push --help' for details.

Lenovo@Firoz  ~/OneDrive - ApplusGlobal/datacamp/Forecast/FC_Practice_in_R (master)
$
$ git
$ git pull
There is no tracking information for the current branch.
Please specify which branch you want to merge with.
See git-pull(1) for details.

    git pull <remote> <branch>

If you wish to set tracking information for this branch you can do so with:

    git branch --set-upstream-to=<remote>/<branch> master


Lenovo@Firoz  ~/OneDrive - ApplusGlobal/datacamp/Forecast/FC_Practice_in_R (master)
$
$ git
$ git push
fatal: The current branch master has no upstream branch.
To push the current branch and set the remote as upstream, use

    git push --set-upstream origin master


Lenovo@Firoz  ~/OneDrive - ApplusGlobal/datacamp/Forecast/FC_Practice_in_R (master)
$
$ git push --set-upstream origin master
To https://github.com/fmakrani/Covid19.git
 ! [rejected]        master -> master (non-fast-forward)
error: failed to push some refs to 'https://github.com/fmakrani/Covid19.git'
hint: Updates were rejected because the tip of your current branch is behind
hint: its remote counterpart. Integrate the remote changes (e.g.
hint: 'git pull ...') before pushing again.
hint: See the 'Note about fast-forwards' in 'git push --help' for details.

Lenovo@Firoz  ~/OneDrive - ApplusGlobal/datacamp/Forecast/FC_Practice_in_R (master)
$
$ git push --force
fatal: The current branch master has no upstream branch.
To push the current branch and set the remote as upstream, use

    git push --set-upstream origin master

Lenovo@Firoz  ~/OneDrive - ApplusGlobal/datacamp/Forecast/FC_Practice_in_R (master)
$
$ git fetch

Lenovo@Firoz  ~/OneDrive - ApplusGlobal/datacamp/Forecast/FC_Practice_in_R (master)
$
$ git log origion/master
commit 7d96c1336159275299f05ca5646d258959f547a7 (origion/master)
Author: fmakrani <firoz.makrani@gmail.com>
Date:   Wed Jul 1 10:29:53 2020 +0300

    A commit from my local comuputer

commit c0a2a3b7347a8788fb4761341d79699246b33415
Author: fmakrani <66142365+fmakrani@users.noreply.github.com>
Date:   Tue Jun 30 20:45:20 2020 +0300

    Create README.md

commit 26c3d1b4cb7ce0b14e175cbbe580bb55ed3b0871
Author: fmakrani <66142365+fmakrani@users.noreply.github.com>
Date:   Tue Jun 30 14:05:04 2020 +0300

    Delete README.md

commit 95c63dadddbb8f68a22eb530ef519c20b986c5ea
Author: fmakrani <66142365+fmakrani@users.noreply.github.com>
Date:   Tue Jun 30 13:59:07 2020 +0300

    Initial commit

Lenovo@Firoz  ~/OneDrive - ApplusGlobal/datacamp/Forecast/FC_Practice_in_R (master)
$
$ git push --force-with-lease
fatal: The current branch master has no upstream branch.
To push the current branch and set the remote as upstream, use

    git push --set-upstream origin master


Lenovo@Firoz  ~/OneDrive - ApplusGlobal/datacamp/Forecast/FC_Practice_in_R (master)
$

Lenovo@Firoz  ~/OneDrive - ApplusGlobal/datacamp/Forecast/FC_Practice_in_R (master)
$
$ git push -u origin head
To https://github.com/fmakrani/Covid19.git
 ! [rejected]        head -> master (non-fast-forward)
error: failed to push some refs to 'https://github.com/fmakrani/Covid19.git'
hint: Updates were rejected because the tip of your current branch is behind
hint: its remote counterpart. Integrate the remote changes (e.g.
hint: 'git pull ...') before pushing again.
hint: See the 'Note about fast-forwards' in 'git push --help' for details.

Lenovo@Firoz  ~/OneDrive - ApplusGlobal/datacamp/Forecast/FC_Practice_in_R (master)
$
$ git pull -u origion head
error: unknown switch `u'
usage: git pull [<options>] [<repository> [<refspec>...]]

Lenovo@Firoz  ~/OneDrive - ApplusGlobal/datacamp/Forecast/FC_Practice_in_R (master)
$
$ git pull --set-upstream
warning: no source branch found.
you need to specify exactly one branch with the --set-upstream option.
There is no tracking information for the current branch.
Please specify which branch you want to merge with.
See git-pull(1) for details.

    git pull <remote> <branch>

If you wish to set tracking information for this branch you can do so with:

    git branch --set-upstream-to=<remote>/<branch> master


Lenovo@Firoz  ~/OneDrive - ApplusGlobal/datacamp/Forecast/FC_Practice_in_R (master)
$
$ git pull --set-upstream https://github.com/fmakrani/FC_Practice_in_R.git
From https://github.com/fmakrani/FC_Practice_in_R
 * branch            HEAD       -> FETCH_HEAD
You asked to pull from the remote 'https://github.com/fmakrani/FC_Practice_in_R.git', but did not specify
a branch. Because this is not the default configured remote
for your current branch, you must specify a branch on the command line.

Lenovo@Firoz  ~/OneDrive - ApplusGlobal/datacamp/Forecast/FC_Practice_in_R (master)
$
$ git pull --set-upstream https://github.com/fmakrani/FC_Practice_in_R.git master
From https://github.com/fmakrani/FC_Practice_in_R
 * branch            master     -> FETCH_HEAD
fatal: could not open '.git/FETCH_HEAD' for reading: No such file or directory

Lenovo@Firoz  ~/OneDrive - ApplusGlobal/datacamp/Forecast/FC_Practice_in_R (master)
$
$ git pull --set-upstream https://github.com/fmakrani/FC_Practice_in_R.git master
From https://github.com/fmakrani/FC_Practice_in_R
 * branch            master     -> FETCH_HEAD
fatal: refusing to merge unrelated histories

Lenovo@Firoz  ~/OneDrive - ApplusGlobal/datacamp/Forecast/FC_Practice_in_R (master)
$
$ git pull --show-forced-updates
From https://github.com/fmakrani/FC_Practice_in_R
 * branch            master     -> FETCH_HEAD
Your configuration specifies to merge with the ref 'refs/heads/master'
from the remote, but no such ref was fetched.

Lenovo@Firoz  ~/OneDrive - ApplusGlobal/datacamp/Forecast/FC_Practice_in_R (master)
$
$ git remote show origion
* remote origion
  Fetch URL: https://github.com/fmakrani/FC_Practice_in_R.git
  Push  URL: https://github.com/fmakrani/FC_Practice_in_R.git
  HEAD branch: master
  Remote branch:
    master tracked
  Local ref configured for 'git push':
    master pushes to master (local out of date)

Lenovo@Firoz  ~/OneDrive - ApplusGlobal/datacamp/Forecast/FC_Practice_in_R (master)
$
$ git rebase
There is no tracking information for the current branch.
Please specify which branch you want to rebase against.
See git-rebase(1) for details.


Lenovo@Firoz  ~/OneDrive - ApplusGlobal/datacamp/Forecast/FC_Practice_in_R (master)
$
$ git-rebase(1)
bash: syntax error near unexpected token `1'

Lenovo@Firoz  ~/OneDrive - ApplusGlobal/datacamp/Forecast/FC_Practice_in_R (master)
$
$ git rebase master
Current branch master is up to date.

Lenovo@Firoz  ~/OneDrive - ApplusGlobal/datacamp/Forecast/FC_Practice_in_R (master)
$
$ git branch --set-upstream-to=origin/master(remote) master(local)
bash: syntax error near unexpected token `('

Lenovo@Firoz  ~/OneDrive - ApplusGlobal/datacamp/Forecast/FC_Practice_in_R (master)
$
$ git push -f origion master
Enumerating objects: 30, done.
Counting objects:  33% (10/30)
Counting objects: 100% (30/30), done.
Delta compression using up to 4 threads
Compressing objects:  42% (11/28)
Compressing objects: 100% (28/28), done.
Writing objects:  43% (13/30)Writing objects:  93% (28/30)
Writing objects: 100% (30/30), 558.69 KiB | 3.96 MiB/s, done.
Total 30 (delta 12), reused 0 (delta 0), pack-reused 0
remote: Resolving deltas: 100% (12/12), done.
To https://github.com/fmakrani/FC_Practice_in_R.git
 + 7d96c13...30c244d master -> master (forced update)

this was the solution finally I was able to see all my files in github.
Lenovo@Firoz  ~/OneDrive - ApplusGlobal/datacamp/Forecast/FC_Practice_in_R (master)
$